// Jest Snapshot v1, https://goo.gl/fbAQLP

exports[`Tests in SearchScreen component should match with snapshot 1`] = `
<div
  className="search__container"
>
  <form
    onSubmit={[Function]}
  >
    <input
      className="search__input"
      name="searchText"
      onChange={[Function]}
      placeholder="Search your favorite superhero"
      type="text"
      value=""
    />
    <button
      className="search__button"
      type="submit"
    >
      Search...
    </button>
  </form>
  <div
    className="filtered--hero"
  >
    <h1
      className="empty--hero"
    >
      Your heroes will appear here
    </h1>
  </div>
</div>
`;
